## env diagnostics
ProductName:		macOS
ProductVersion:		14.8.9
BuildVersion:		23J631
Xcode 15.4
Build version 15F31d
/usr/bin/make
/usr/bin/clang
[32m==>[0m [1mDownloading bottle manifests[0m
✔︎ Bottle Manifest ldid (2.1.5_1)
✔︎ Bottle Manifest dpkg (1.23.7)
[34m==>[0m [1mWould install 2 formulae:[0m
ldid dpkg
[34m==>[0m [1mWould install 1 dependency for ldid:[0m
libplist
[34m==>[0m [1mWould install 2 dependencies for dpkg:[0m
gpatch
libmd
[32m==>[0m [1mFetching downloads for: [32mldid[39m and [32mdpkg[39m[0m
✔︎ Bottle Manifest libplist (2.7.0)
✔︎ Bottle ldid (2.1.5_1)
✔︎ Bottle Manifest gpatch (2.8)
✔︎ Bottle libplist (2.7.0)
✔︎ Bottle gpatch (2.8)
✔︎ Bottle Manifest libmd (1.2.0)
✔︎ Bottle dpkg (1.23.7)
✔︎ Bottle libmd (1.2.0)
[32m==>[0m [1mInstalling ldid dependency: [32mlibplist[39m[0m
[34m==>[0m [1mPouring libplist--2.7.0.arm64_sonoma.bottle.tar.gz[0m
🍺  /opt/homebrew/Cellar/libplist/2.7.0: 32 files, 606.6KB
[32m==>[0m [1mInstalling [32mldid[39m[0m
[34m==>[0m [1mPouring ldid--2.1.5_1.arm64_sonoma.bottle.1.tar.gz[0m
🍺  /opt/homebrew/Cellar/ldid/2.1.5_1: 6 files, 270.1KB
[32m==>[0m [1mInstalling dependencies for dpkg:[0m [32mgpatch[39m and [32mlibmd[39m[0m
[32m==>[0m [1mInstalling dpkg dependency: [32mgpatch[39m[0m
[34m==>[0m [1mPouring gpatch--2.8.arm64_sonoma.bottle.tar.gz[0m
🍺  /opt/homebrew/Cellar/gpatch/2.8: 12 files, 412.4KB
[32m==>[0m [1mInstalling dpkg dependency: [32mlibmd[39m[0m
[34m==>[0m [1mPouring libmd--1.2.0.arm64_sonoma.bottle.tar.gz[0m
🍺  /opt/homebrew/Cellar/libmd/1.2.0: 138 files, 1MB
[32m==>[0m [1mInstalling [32mdpkg[39m[0m
[34m==>[0m [1mPouring dpkg--1.23.7.arm64_sonoma.bottle.tar.gz[0m
🍺  /opt/homebrew/Cellar/dpkg/1.23.7: 740 files, 18.3MB
[32m==>[0m [1mCaveats[0m
[34m==>[0m [1mdpkg[0m
This installation of dpkg is not configured to install software, so
commands such as `dpkg -i`, `dpkg --configure` will fail.
Cloning into '/Users/runner/theos'...
Submodule 'vendor/dm.pl' (https://github.com/theos/dm.pl.git) registered for path 'vendor/dm.pl'
Submodule 'vendor/include' (https://github.com/theos/headers.git) registered for path 'vendor/include'
Submodule 'vendor/lib' (https://github.com/theos/lib.git) registered for path 'vendor/lib'
Submodule 'vendor/logos' (https://github.com/theos/logos.git) registered for path 'vendor/logos'
Submodule 'vendor/nic' (https://github.com/theos/nic.git) registered for path 'vendor/nic'
Submodule 'vendor/orion' (https://github.com/theos/orion.git) registered for path 'vendor/orion'
Submodule 'vendor/swift-support' (https://github.com/theos/swift-support.git) registered for path 'vendor/swift-support'
Submodule 'vendor/templates' (https://github.com/theos/templates.git) registered for path 'vendor/templates'
Cloning into '/Users/runner/theos/vendor/dm.pl'...
Cloning into '/Users/runner/theos/vendor/include'...
Cloning into '/Users/runner/theos/vendor/lib'...
Cloning into '/Users/runner/theos/vendor/logos'...
Cloning into '/Users/runner/theos/vendor/nic'...
Cloning into '/Users/runner/theos/vendor/orion'...
Cloning into '/Users/runner/theos/vendor/swift-support'...
Cloning into '/Users/runner/theos/vendor/templates'...
Submodule path 'vendor/dm.pl': checked out 'd9a3b72e274226dd2823c0a7c1d6d05099f4f51c'
Submodule path 'vendor/include': checked out '13c1f17176d7efe6871551cd69a75b71ac4eeaf1'
Submodule path 'vendor/lib': checked out '6f2af307568e6b8c52181d26314b0cd69ffaf188'
Submodule path 'vendor/logos': checked out '777925d1add4ee3485a2432a6f6d5e3ded59de7b'
Submodule path 'vendor/nic': checked out '4e7adcbeac2e4636b91e2f76341adfe4c4d0ceec'
Submodule path 'vendor/orion': checked out 'c0ed879ecaae16f3c8d06a6c36302f6c78d1f7e4'
Submodule 'fishhook' (https://github.com/facebook/fishhook.git) registered for path 'vendor/orion/fishhook'
Cloning into '/Users/runner/theos/vendor/orion/fishhook'...
Submodule path 'vendor/orion/fishhook': checked out 'aadc161ac3b80db07a9908851839a17ba63a9eb1'
Submodule path 'vendor/swift-support': checked out '4cf59ff04cdb2ceb27ea2228753e0497297b6182'
Submodule path 'vendor/templates': checked out '6c3944e281c4726f1383755d0fbb642840312d28'
CODE_OF_CONDUCT.md
LICENSE.md
Prefix.pch
README.md
bin
docs
extras
include
lib
makefiles
mod
package.json
sdks
templates
toolchain
vendor
[0;36m==> [1;36mNotice:[m Build may be slow as Theos isn’t using all available CPU cores on this computer. Consider upgrading GNU Make: https://theos.dev/docs/parallel-building
[1;31m> [1;3;39mMaking all for tweak DuoStatusBar…[m
[0;31m==> [1;39mPreprocessing src/Tweak.xm…[m
[0;32m==> [1;39mCompiling src/Tweak.xm (arm64e)…[m
[0;33m==> [1;39mLinking tweak DuoStatusBar (arm64e)…[m
ld: warning: -multiply_defined is obsolete
[0;34m==> [1;39mGenerating debug symbols for DuoStatusBar…[m
[0;34m==> [1;39mStripping DuoStatusBar (arm64e)…[m
[0;34m==> [1;39mSigning DuoStatusBar…[m
[1;31m> [1;3;39mMaking all in duostatusprefs…[m
[0;36m==> [1;36mNotice:[m Build may be slow as Theos isn’t using all available CPU cores on this computer. Consider upgrading GNU Make: https://theos.dev/docs/parallel-building
[1;31m> [1;3;39mMaking all for bundle DuoStatusPrefs…[m
[0;35m==> [1;39mCopying resource directories into the bundle wrapper…[m
[0;32m==> [1;39mCompiling DuoStatusRootListController.m (arm64e)…[m
[0;33m==> [1;39mLinking bundle DuoStatusPrefs (arm64e)…[m
ld: warning: -multiply_defined is obsolete
ld: warning: -undefined dynamic_lookup is deprecated on iOS
ld: warning: -undefined dynamic_lookup is deprecated on iOS
ld: warning: -undefined dynamic_lookup is deprecated on iOS
[0;34m==> [1;39mGenerating debug symbols for DuoStatusPrefs…[m
[0;34m==> [1;39mStripping DuoStatusPrefs (arm64e)…[m
[0;34m==> [1;39mSigning DuoStatusPrefs…[m
[1;31m> [1;3;39mMaking stage for tweak DuoStatusBar…[m
[1;31m> [1;3;39mMaking stage in duostatusprefs…[m
[1;31m> [1;3;39mMaking stage for bundle DuoStatusPrefs…[m
dm.pl: building package `com.shuijia.duostatus:iphoneos-arm64' in `./packages/com.shuijia.duostatus_1.10.1_iphoneos-arm64.deb'
